// Jest Snapshot v1, https://goo.gl/fbAQLP

exports[`Shell renders correctly 1`] = `null`;
